================================================================================
== Profile: REAL-TIME, CPU-freq = 0.00 GHz
                                                          Calls Real-Time  Parent 
                                                                   (secs) fraction

    <zixl_543IiP35>~_zixl                                                1 55965437747.0 (100.0%)
  zixl_z57-ZAiL~_zixl                                                    1 55965437747.0         
    zixl_iSe2-4IPr155~_zixl                                              1 12824809569.0 ( 22.9%)
      zixl_tP42-1eAyPIA2iPL~_zixl                                        1 10134478628.0 ( 79.0%)
        zixl_tP42-ZAiL~_zixl                                             1 4856989699.0 ( 47.9%)
          zixl_bgV-NIAL5eA2iPL~_zixl                                     1 2134940725.0 ( 44.0%)
            zixl_V91rdrP41 [R]~_zixl                                   123 232916007.0 ( 10.9%)
            zixl_iSe2-2IAL5eA21-tePq~_zixl                               7 212811025.0 ( 10.0%)
              zixl_2IAL5eA2iLq~_zixl                                     7 209791949.0 ( 98.6%)
                zixl_2IAL5eA21-tePq~_zixl                                7 50094943.0 ( 23.9%)
                <zixl_I152>~_zixl                                          159154636.0 ( 75.9%)
              <zixl_I152>~_zixl                                            3019076.0 (  1.4%)
            <zixl_I152>~_zixl                                              1689213693.0 ( 79.1%)
          zixl_eiL2-4I1-1eAy-rAeeyAr8~_zixl                             16 479927902.0 (  9.9%)
            zixl_V91rdrP41 [E]~_zixl                                    11 26405859.0 (  5.5%)
            <zixl_I152>~_zixl                                              453522043.0 ( 94.5%)
          <zixl_I152>~_zixl                                                2235648657.0 ( 46.0%)
        <zixl_I152>~_zixl                                                  5277488929.0 ( 52.1%)
      zixl_5At1-tP42-SA2A~_zixl                                          1 487333477.0 (  3.8%)
        zixl_iSe2-5At1~_zixl                                             1 487307292.0 (100.0%)
          zixl_42-5At1~_zixl                                             7 232069325.0 ( 47.6%)
          zixl_iSe2-32q-5At1~_zixl                                       1 96828601.0 ( 19.9%)
          zixl_4rSy-5At1-iL21IZ1SiA21~_zixl                              1 75960539.0 ( 15.6%)
          <zixl_I152>~_zixl                                                82448827.0 ( 16.9%)
      zixl_bgV-I152PI1-UPI8-ZA44iLq~_zixl                                1 462289862.0 (  3.6%)
      <zixl_I152>~_zixl                                                    1516716134.0 ( 11.8%)
      <zixl_58i441S>~_zixl                                                 223991468.0 (  1.7%)
    <zixl_I152>~_zixl                                                      43140566521.0 ( 77.1%)


================================================================================
== Profile: PEAK-MEMORY, CPU-freq = 0.00 GHz
                                                          Calls   Peak-Mb         
                                                                                  

