================================================================================
== Profile: REAL-TIME, CPU-freq = 0.00 GHz
                                                          Calls Real-Time  Parent 
                                                                   (secs) fraction

    <zixl_543IiP35>~_zixl                                                1 30608746882.0 (100.0%)
  zixl_z57-ZAiL~_zixl                                                    1 30608746882.0         
    zixl_iSe2-4IPr155~_zixl                                              1 2258217036.0 (  7.4%)
      zixl_tP42-1eAyPIA2iPL~_zixl                                        1 1574047080.0 ( 69.7%)
        zixl_tP42-ZAiL~_zixl                                             1 1420003728.0 ( 90.2%)
          zixl_bgV-NIAL5eA2iPL~_zixl                                     1 167054184.0 ( 11.8%)
            zixl_V91rdrP41 [R]~_zixl                                    21 41136660.0 ( 24.6%)
            zixl_iSe2-2IAL5eA21-tePq~_zixl                               1 38430792.0 ( 23.0%)
              zixl_2IAL5eA2iLq~_zixl                                     1 35599680.0 ( 92.6%)
                zixl_2IAL5eA21-tePq~_zixl                                1 17229276.0 ( 48.4%)
                <zixl_I152>~_zixl                                          18354996.0 ( 51.6%)
              <zixl_I152>~_zixl                                            2831112.0 (  7.4%)
            <zixl_I152>~_zixl                                              87486732.0 ( 52.4%)
          zixl_eiL2-4I1-1eAy-rAeeyAr8~_zixl                              8 106826472.0 (  7.5%)
            zixl_V91rdrP41 [E]~_zixl                                     5 12504384.0 ( 11.7%)
            <zixl_I152>~_zixl                                              94322088.0 ( 88.3%)
          <zixl_I152>~_zixl                                                1141934616.0 ( 80.4%)
        <zixl_I152>~_zixl                                                  154043352.0 (  9.8%)
      zixl_bgV-I152PI1-UPI8-ZA44iLq~_zixl                                1 210572352.0 (  9.3%)
      <zixl_I152>~_zixl                                                    429906312.0 ( 19.0%)
      <zixl_58i441S>~_zixl                                                 43691292.0 (  1.9%)
    <zixl_I152>~_zixl                                                      28350501406.0 ( 92.6%)


================================================================================
== Profile: PEAK-MEMORY, CPU-freq = 0.00 GHz
                                                          Calls   Peak-Mb         
                                                                                  

