================================================================================
== Profile: REAL-TIME, CPU-freq = 0.00 GHz
                                                          Calls Real-Time  Parent 
                                                                   (secs) fraction

    <zixl_543IiP35>~_zixl                                                1 28371224088.0 (100.0%)
  zixl_z57-ZAiL~_zixl                                                    1 28371224088.0         
    zixl_iSe2-4IPr155~_zixl                                              1 1139612832.0 (  4.0%)
      zixl_tP42-1eAyPIA2iPL~_zixl                                        1 653562792.0 ( 57.3%)
        zixl_tP42-ZAiL~_zixl                                             1 572517612.0 ( 87.6%)
          zixl_bgV-NIAL5eA2iPL~_zixl                                     1 32460048.0 (  5.7%)
            zixl_V91rdrP41 [R]~_zixl                                    21 7926444.0 ( 24.4%)
            zixl_iSe2-2IAL5eA21-tePq~_zixl                               1 5737752.0 ( 17.7%)
              zixl_2IAL5eA2iLq~_zixl                                     1 5608872.0 ( 97.8%)
                zixl_2IAL5eA21-tePq~_zixl                                1  834336.0 ( 14.9%)
                <zixl_I152>~_zixl                                          4762476.0 ( 84.9%)
              <zixl_I152>~_zixl                                             128880.0 (  2.2%)
            <zixl_I152>~_zixl                                              18795852.0 ( 57.9%)
          zixl_eiL2-4I1-1eAy-rAeeyAr8~_zixl                              3 31658453.0 (  5.5%)
            zixl_V91rdrP41 [E]~_zixl                                     5 1129428.0 (  3.6%)
            <zixl_I152>~_zixl                                              30529025.0 ( 96.4%)
          <zixl_I152>~_zixl                                                507687391.0 ( 88.7%)
        <zixl_I152>~_zixl                                                  81045180.0 ( 12.4%)
      zixl_bgV-I152PI1-UPI8-ZA44iLq~_zixl                                1 212427432.0 ( 18.6%)
      <zixl_I152>~_zixl                                                    257001804.0 ( 22.6%)
      <zixl_58i441S>~_zixl                                                 16620804.0 (  1.5%)
    <zixl_I152>~_zixl                                                      27231587820.0 ( 96.0%)


================================================================================
== Profile: PEAK-MEMORY, CPU-freq = 0.00 GHz
                                                          Calls   Peak-Mb         
                                                                                  

